("0 fixture_rfq offchain-quote-valid", [])
("1 fixture_agent sandbox-candidate-only", [])
("2 fixture_invoice-final final-payment-evidence-only", [])
("3 fixture_invoice-pending payment-evidence-pending-or-reversed", [])
("4 fixture_invoice-reversed payment-evidence-pending-or-reversed", [])
("5 corpus_side reject", ["rfq.rfqOpenTerms", "rfq.buyer", "rfq.seller"])
("6 corpus_cash reject", ["rfq.cashProduct"])
("7 corpus_expired reject", ["rfq.nowUntil"])
("8 corpus_expired-approval reject", ["agent.nowUntil"])
("9 corpus_price-asset reject", ["rfq.assetRef"])
("10 corpus_payment-final-invention reject", ["inv.evidence"])
("11 corpus_missing-payment-evidence reject", ["inv.evidence"])
("12 corpus_unauthorized-human reject", ["sourceRole", "agent.human"])
("13 corpus_changed-target reject", ["agent.proposalDigest", "agent.proposalRecord", "agent.target"])
("14 corpus_changed-input reject", ["agent.proposalDigest", "agent.proposalRecord"])
("15 corpus_profile-hash reject", ["dispatch", "agent.proposalDigest"])
("16 corpus_unknown-profile reject", ["dispatch"])
("17 context_no-trust reject", ["trusted"])
("18 context_revoked reject", ["agent.notRevoked"])
("19 context_low-budget reject", ["agent.budgetLe"])
("20 context_no-role reject", ["sourceRole"])
("21 context_wrong-principal reject", ["sourceRole"])
("22 context_no-proposal reject", ["agent.proposalRecord"])
("23 context_unknown-target reject", ["agent.target"])
("24 context_wrong-policy reject", ["agent.policy"])
("25 quote_at_validFrom offchain-quote-valid", [])
("26 quote_at_validUntil reject", ["rfq.nowUntil"])
("27 approval_at_validFrom sandbox-candidate-only", [])
("28 approval_at_validUntil reject", ["agent.nowUntil"])
("29 sell_side offchain-quote-valid", [])
("30 cash_overflow reject", ["rfq.cashProduct"])
("31 rehashed_changed_proposal reject", ["agent.proposalRecord", "agent.target"])
("32 observation_after_occurrence reject", ["inv.obsBeforeOcc"])
("33 complete_evidence_overpayment reject", ["inv.amountLePayable"])
("34 future_occurrence reject", ["notFuture", "rfq.occBeforeFrom"])
("35 closed_rfq reject", ["rfq.rfqOpenTerms"])
